// Jest Snapshot v1, https://goo.gl/fbAQLP

exports[`pruebas en el Home view debe de renderizar el componente correctamente 1`] = `<div class="home"><img alt="Vue logo"><button class="btn btn-dark">primary</button><button class="btn btn-primary">secondary</button><button class="btn btn-secondary">success</button></div>`;
