// Vitest Snapshot v1

exports[`component PokemonPage > debe de hacer match con el snapshot 1`] = `"<h1>Espere por favor...</h1>"`;

exports[`component PokemonPage > debe de hacer match con el snapshot cuando carga el componente 1`] = `
"<section>
  <h1>¿Quien es el pokemon? 1</h1>
  <!---->
  <!---->
  <h2>Hola</h2><button>Nuevo juego</button>
</section>"
`;
